Copyright 1986-2022 Xilinx, Inc. All Rights Reserved.
---------------------------------------------------------------------------------------
| Tool Version : Vivado v.2022.2 (lin64) Build 3671981 Fri Oct 14 04:59:54 MDT 2022
| Date         : Fri Nov 24 15:41:12 2023
| Host         : PARALED02 running 64-bit Ubuntu 22.04.3 LTS
| Command      : report_control_sets -verbose -file VGACounter_control_sets_placed.rpt
| Design       : VGACounter
| Device       : xc7a35t
---------------------------------------------------------------------------------------

Control Set Information

Table of Contents
-----------------
1. Summary
2. Histogram
3. Flip-Flop Distribution
4. Detailed Control Set Information

1. Summary
----------

+----------------------------------------------------------+-------+
|                          Status                          | Count |
+----------------------------------------------------------+-------+
| Total control sets                                       |     9 |
|    Minimum number of control sets                        |     9 |
|    Addition due to synthesis replication                 |     0 |
|    Addition due to physical synthesis replication        |     0 |
| Unused register locations in slices containing registers |    43 |
+----------------------------------------------------------+-------+
* Control sets can be merged at opt_design using control_set_merge or merge_equivalent_drivers
** Run report_qor_suggestions for automated merging and remapping suggestions


2. Histogram
------------

+--------------------+-------+
|       Fanout       | Count |
+--------------------+-------+
| Total control sets |     9 |
| >= 0 to < 4        |     4 |
| >= 4 to < 6        |     0 |
| >= 6 to < 8        |     0 |
| >= 8 to < 10       |     1 |
| >= 10 to < 12      |     3 |
| >= 12 to < 14      |     0 |
| >= 14 to < 16      |     0 |
| >= 16              |     1 |
+--------------------+-------+
* Control sets can be remapped at either synth_design or opt_design


3. Flip-Flop Distribution
-------------------------

+--------------+-----------------------+------------------------+-----------------+--------------+
| Clock Enable | Synchronous Set/Reset | Asynchronous Set/Reset | Total Registers | Total Slices |
+--------------+-----------------------+------------------------+-----------------+--------------+
| No           | No                    | No                     |               3 |            3 |
| No           | No                    | Yes                    |               0 |            0 |
| No           | Yes                   | No                     |              53 |           18 |
| Yes          | No                    | No                     |               0 |            0 |
| Yes          | No                    | Yes                    |              10 |            3 |
| Yes          | Yes                   | No                     |              11 |            6 |
+--------------+-----------------------+------------------------+-----------------+--------------+


4. Detailed Control Set Information
-----------------------------------

+--------------------------------------+---------------------------------+-------------------------------------------------+------------------+----------------+--------------+
|             Clock Signal             |          Enable Signal          |                 Set/Reset Signal                | Slice Load Count | Bel Load Count | Bels / Slice |
+--------------------------------------+---------------------------------+-------------------------------------------------+------------------+----------------+--------------+
|  CLK_IBUF_BUFG                       |                                 |                                                 |                1 |              1 |         1.00 |
|  Inst_vga_ctrl_640x480_60Hz/clk_BUFG |                                 | Inst_vga_ctrl_640x480_60Hz/HS0                  |                1 |              1 |         1.00 |
|  Inst_vga_ctrl_640x480_60Hz/clk_BUFG |                                 | Inst_vga_ctrl_640x480_60Hz/VS0                  |                1 |              1 |         1.00 |
|  clk_interno_BUFG                    |                                 |                                                 |                2 |              2 |         1.00 |
|  Inst_vga_ctrl_640x480_60Hz/clk_BUFG |                                 | Inst_vga_ctrl_640x480_60Hz/rgb_out[11]_i_1_n_0  |                2 |              8 |         4.00 |
|  CLK_1Hz_reg_n_0                     | PBTON_IBUF                      | RST_IBUF                                        |                3 |             10 |         3.33 |
|  Inst_vga_ctrl_640x480_60Hz/clk_BUFG |                                 | Inst_vga_ctrl_640x480_60Hz/hcounter[10]_i_1_n_0 |                5 |             11 |         2.20 |
|  Inst_vga_ctrl_640x480_60Hz/clk_BUFG | Inst_vga_ctrl_640x480_60Hz/eqOp | Inst_vga_ctrl_640x480_60Hz/vcounter[10]_i_1_n_0 |                6 |             11 |         1.83 |
|  clk_interno_BUFG                    |                                 | count_clk[31]_i_1_n_0                           |                9 |             32 |         3.56 |
+--------------------------------------+---------------------------------+-------------------------------------------------+------------------+----------------+--------------+


