#-----------------------------------------------------------
# Vivado v2023.1 (64-bit)
# SW Build 3865809 on Sun May  7 15:05:29 MDT 2023
# IP Build 3864474 on Sun May  7 20:36:21 MDT 2023
# SharedData Build 3865790 on Sun May 07 13:33:03 MDT 2023
# Start of session at: Wed Nov  1 18:42:49 2023
# Process ID: 11852
# Current directory: D:/Estudio/OneDrive - Universidad de Antioquia/Estudio/Materias/S5/Digitales I/Laboratorio/P2/ALU_V4/alu_v4
# Command line: vivado.exe -gui_launcher_event rodinguilauncherevent19048 D:\Estudio\OneDrive - Universidad de Antioquia\Estudio\Materias\S5\Digitales I\Laboratorio\P2\ALU_V4\alu_v4\alu_v4.xpr
# Log file: D:/Estudio/OneDrive - Universidad de Antioquia/Estudio/Materias/S5/Digitales I/Laboratorio/P2/ALU_V4/alu_v4/vivado.log
# Journal file: D:/Estudio/OneDrive - Universidad de Antioquia/Estudio/Materias/S5/Digitales I/Laboratorio/P2/ALU_V4/alu_v4\vivado.jou
# Running On: DESKTOP-JK32J40, OS: Windows, CPU Frequency: 2096 MHz, CPU Physical cores: 8, Host memory: 14913 MB
#-----------------------------------------------------------
start_gui
open_project {D:/Estudio/OneDrive - Universidad de Antioquia/Estudio/Materias/S5/Digitales I/Laboratorio/P2/ALU_V4/alu_v4/alu_v4.xpr}
update_compile_order -fileset sources_1
