#-----------------------------------------------------------
# Vivado v2023.1 (64-bit)
# SW Build 3865809 on Sun May  7 15:05:29 MDT 2023
# IP Build 3864474 on Sun May  7 20:36:21 MDT 2023
# SharedData Build 3865790 on Sun May 07 13:33:03 MDT 2023
# Start of session at: Sat Dec  2 08:50:35 2023
# Process ID: 10136
# Current directory: D:/Estudio/OneDrive - Universidad de Antioquia/Estudio/Materias/S5/Digitales I/Laboratorio/P4/Practica4_FINAL/Practica4_FINAL/Practica4_FINAL.runs/synth_1
# Command line: vivado.exe -log VGA.vds -product Vivado -mode batch -messageDb vivado.pb -notrace -source VGA.tcl
# Log file: D:/Estudio/OneDrive - Universidad de Antioquia/Estudio/Materias/S5/Digitales I/Laboratorio/P4/Practica4_FINAL/Practica4_FINAL/Practica4_FINAL.runs/synth_1/VGA.vds
# Journal file: D:/Estudio/OneDrive - Universidad de Antioquia/Estudio/Materias/S5/Digitales I/Laboratorio/P4/Practica4_FINAL/Practica4_FINAL/Practica4_FINAL.runs/synth_1\vivado.jou
# Running On: DESKTOP-JK32J40, OS: Windows, CPU Frequency: 2096 MHz, CPU Physical cores: 8, Host memory: 14913 MB
#-----------------------------------------------------------
source VGA.tcl -notrace
