#-----------------------------------------------------------
# Vivado v2023.1 (64-bit)
# SW Build 3865809 on Sun May  7 15:05:29 MDT 2023
# IP Build 3864474 on Sun May  7 20:36:21 MDT 2023
# SharedData Build 3865790 on Sun May 07 13:33:03 MDT 2023
# Start of session at: Sat Oct  7 18:04:10 2023
# Process ID: 10544
# Current directory: D:/Estudio/OneDrive - Universidad de Antioquia/Estudio/Materias/S5/Digitales I/Laboratorio/P2/ALUHP
# Command line: vivado.exe -gui_launcher_event rodinguilauncherevent12588 D:\Estudio\OneDrive - Universidad de Antioquia\Estudio\Materias\S5\Digitales I\Laboratorio\P2\ALUHP\ALUHP.xpr
# Log file: D:/Estudio/OneDrive - Universidad de Antioquia/Estudio/Materias/S5/Digitales I/Laboratorio/P2/ALUHP/vivado.log
# Journal file: D:/Estudio/OneDrive - Universidad de Antioquia/Estudio/Materias/S5/Digitales I/Laboratorio/P2/ALUHP\vivado.jou
# Running On: DESKTOP-JK32J40, OS: Windows, CPU Frequency: 2096 MHz, CPU Physical cores: 8, Host memory: 14913 MB
#-----------------------------------------------------------
start_guioopen_project {D:/Estudio/OneDrive - Universidad de Antioquia/Estudio/Materias/S5/Digitales I/Laboratorio/P2/ALUHP/ALUHP.xpr}uupdate_compile_order -fileset sources_1open_project {D:/Estudio/OneDrive - Universidad de Antioquia/Estudio/Materias/S5/Digitales I/Laboratorio/P2/Punto1/Punto1_S5bits/Punto1_S5bits.xpr}
update_compile_order -fileset sources_1
close_project
